// Jest Snapshot v1, https://goo.gl/fbAQLP

exports[`Button should render correctly 1`] = `
.c0 {
  box-sizing: border-box;
  height: 2rem;
  padding: 0 0.75rem;
  border: 0;
  border-radius: .5rem;
  font-size: 0.875rem;
  line-height: 2;
  color: #fff;
  background: #452cdc;
  -webkit-appearance: none;
  -moz-appearance: none;
  appearance: none;
  -webkit-transition: opacity 50ms;
  transition: opacity 50ms;
}

.c0:disabled {
  opacity: 0.7;
}

.c0:not(:disabled) {
  cursor: pointer;
}

.c0:not(:disabled):hover {
  background: #341eb7;
}

<button
  class="c0"
  type="submit"
>
  Button text
</button>
`;
